// Jest Snapshot v1, https://goo.gl/fbAQLP

exports[`hourclock interface index should define an interface 1`] = `
Object {
  "component": Object {
    "__name": "interface",
    "emits": Array [
      "input",
    ],
    "props": Object {
      "collection": Object {
        "required": true,
        "type": [Function],
      },
      "disabled": Object {
        "default": false,
        "required": false,
        "type": [Function],
      },
      "enableCreate": Object {
        "default": true,
        "required": false,
        "type": [Function],
      },
      "enableSelect": Object {
        "default": true,
        "required": false,
        "type": [Function],
      },
      "field": Object {
        "required": true,
        "type": [Function],
      },
      "filter": Object {
        "default": [Function],
        "required": false,
        "type": null,
      },
      "primaryKey": Object {
        "required": true,
        "type": [Function],
      },
      "resolution": Object {
        "required": false,
        "type": [Function],
      },
      "template": Object {
        "required": false,
        "type": [Function],
      },
      "value": Object {
        "default": [Function],
        "required": false,
        "type": Array [
          [Function],
          [Function],
        ],
      },
    },
    "render": [Function],
    "setup": [Function],
  },
  "description": "$:hour-clocks.interface.description",
  "icon": "box",
  "id": "hour-clocks-interface",
  "localTypes": Array [
    "o2m",
  ],
  "name": "$:hour-clocks.interface.name",
  "options": [Function],
  "types": Array [
    "alias",
    "string",
    "uuid",
    "integer",
    "bigInteger",
    "json",
  ],
}
`;
